Processing m5atoms3r_cam (board: esp32-s3-devkitc-1; platform: espressif32@6.5.0; framework: arduino)
--------------------------------------------------------------------------------
Verbose mode can be enabled via `-v, --verbose` option
generated include/generated_config.h
CONFIGURATION: https://docs.platformio.org/page/boards/espressif32/esp32-s3-devkitc-1.html
PLATFORM: Espressif 32 (6.5.0) > Espressif ESP32-S3-DevKitC-1-N8 (8 MB QD, No PSRAM)
HARDWARE: ESP32S3 240MHz, 320KB RAM, 8MB Flash
DEBUG: Current (esp-builtin) On-board (esp-builtin) External (cmsis-dap, esp-bridge, esp-prog, iot-bus-jtag, jlink, minimodule, olimex-arm-usb-ocd, olimex-arm-usb-ocd-h, olimex-arm-usb-tiny-h, olimex-jtag-tiny, tumpa)
PACKAGES:
 - framework-arduinoespressif32 @ 3.20014.231204 (2.0.14)
 - tool-esptoolpy @ 1.40501.0 (4.5.1)
 - toolchain-riscv32-esp @ 8.4.0+2021r2-patch5
 - toolchain-xtensa-esp32s3 @ 8.4.0+2021r2-patch5
LDF: Library Dependency Finder -> https://bit.ly/configure-pio-ldf
LDF Modes: Finder ~ chain, Compatibility ~ soft
Found 35 compatible libraries
Scanning dependencies...
Dependency Graph
|-- M5GFX @ 0.2.29
|-- M5Unified @ 0.2.7
|-- SPI @ 2.0.0
Building in release mode
Compiling build/firmware/m5atoms3r_cam/src/main.cpp.o
Archiving build/firmware/m5atoms3r_cam/lib877/libSPI.a
Indexing build/firmware/m5atoms3r_cam/lib877/libSPI.a
Archiving build/firmware/m5atoms3r_cam/lib83e/libWire.a
Indexing build/firmware/m5atoms3r_cam/lib83e/libWire.a
Compiling build/firmware/m5atoms3r_cam/lib310/M5GFX/lgfx/Fonts/efont/lgfx_efont_cn.c.o
Compiling build/firmware/m5atoms3r_cam/lib310/M5GFX/lgfx/Fonts/efont/lgfx_efont_ja.c.o
Compiling build/firmware/m5atoms3r_cam/lib310/M5GFX/lgfx/Fonts/efont/lgfx_efont_kr.c.o
Compiling build/firmware/m5atoms3r_cam/lib310/M5GFX/lgfx/Fonts/efont/lgfx_efont_tw.c.o
Compiling build/firmware/m5atoms3r_cam/lib310/M5GFX/lgfx/utility/lgfx_miniz.c.o
Compiling build/firmware/m5atoms3r_cam/lib310/M5GFX/lgfx/utility/lgfx_pngle.c.o
Compiling build/firmware/m5atoms3r_cam/lib310/M5GFX/lgfx/utility/lgfx_qoi.c.o
Compiling build/firmware/m5atoms3r_cam/lib310/M5GFX/lgfx/utility/lgfx_qrcode.c.o
Compiling build/firmware/m5atoms3r_cam/lib310/M5GFX/lgfx/utility/lgfx_tjpgd.c.o
Compiling build/firmware/m5atoms3r_cam/lib310/M5GFX/lgfx/v1/LGFXBase.cpp.o
Compiling build/firmware/m5atoms3r_cam/lib310/M5GFX/lgfx/v1/LGFX_Button.cpp.o
Compiling build/firmware/m5atoms3r_cam/lib310/M5GFX/lgfx/v1/LGFX_Sprite.cpp.o
Compiling build/firmware/m5atoms3r_cam/lib310/M5GFX/lgfx/v1/lgfx_fonts.cpp.o
Compiling build/firmware/m5atoms3r_cam/lib310/M5GFX/lgfx/v1/misc/DividedFrameBuffer.cpp.o
Compiling build/firmware/m5atoms3r_cam/lib310/M5GFX/lgfx/v1/misc/SpriteBuffer.cpp.o
Compiling build/firmware/m5atoms3r_cam/lib310/M5GFX/lgfx/v1/misc/common_function.cpp.o
Compiling build/firmware/m5atoms3r_cam/lib310/M5GFX/lgfx/v1/misc/pixelcopy.cpp.o
Compiling build/firmware/m5atoms3r_cam/lib310/M5GFX/lgfx/v1/panel/Panel_AMOLED.cpp.o
Compiling build/firmware/m5atoms3r_cam/lib310/M5GFX/lgfx/v1/panel/Panel_Device.cpp.o
Compiling build/firmware/m5atoms3r_cam/lib310/M5GFX/lgfx/v1/panel/Panel_ED2208.cpp.o
Compiling build/firmware/m5atoms3r_cam/lib310/M5GFX/lgfx/v1/panel/Panel_EPDiy.cpp.o
Compiling build/firmware/m5atoms3r_cam/lib310/M5GFX/lgfx/v1/panel/Panel_FrameBufferBase.cpp.o
Compiling build/firmware/m5atoms3r_cam/lib310/M5GFX/lgfx/v1/panel/Panel_GDEW0154D67.cpp.o
Compiling build/firmware/m5atoms3r_cam/lib310/M5GFX/lgfx/v1/panel/Panel_GDEW0154M09.cpp.o
Compiling build/firmware/m5atoms3r_cam/lib310/M5GFX/lgfx/v1/panel/Panel_HasBuffer.cpp.o
Compiling build/firmware/m5atoms3r_cam/lib310/M5GFX/lgfx/v1/panel/Panel_IT8951.cpp.o
Compiling build/firmware/m5atoms3r_cam/lib310/M5GFX/lgfx/v1/panel/Panel_LCD.cpp.o
Compiling build/firmware/m5atoms3r_cam/lib310/M5GFX/lgfx/v1/panel/Panel_M5HDMI.cpp.o
Compiling build/firmware/m5atoms3r_cam/lib310/M5GFX/lgfx/v1/panel/Panel_M5UnitGLASS.cpp.o
Compiling build/firmware/m5atoms3r_cam/lib310/M5GFX/lgfx/v1/panel/Panel_M5UnitLCD.cpp.o
Compiling build/firmware/m5atoms3r_cam/lib310/M5GFX/lgfx/v1/panel/Panel_SSD1306.cpp.o
Compiling build/firmware/m5atoms3r_cam/lib310/M5GFX/lgfx/v1/panel/Panel_SSD1677.cpp.o
Compiling build/firmware/m5atoms3r_cam/lib310/M5GFX/lgfx/v1/panel/Panel_TM1680.cpp.o
Compiling build/firmware/m5atoms3r_cam/lib310/M5GFX/lgfx/v1/platforms/esp32/Bus_EPD.cpp.o
Compiling build/firmware/m5atoms3r_cam/lib310/M5GFX/lgfx/v1/platforms/esp32/Bus_I2C.cpp.o
Compiling build/firmware/m5atoms3r_cam/lib310/M5GFX/lgfx/v1/platforms/esp32/Bus_Parallel8.cpp.o
Compiling build/firmware/m5atoms3r_cam/lib310/M5GFX/lgfx/v1/platforms/esp32/Bus_SPI.cpp.o
Compiling build/firmware/m5atoms3r_cam/lib310/M5GFX/lgfx/v1/platforms/esp32/Light_PWM.cpp.o
Compiling build/firmware/m5atoms3r_cam/lib310/M5GFX/lgfx/v1/platforms/esp32/Panel_CVBS.cpp.o
Compiling build/firmware/m5atoms3r_cam/lib310/M5GFX/lgfx/v1/platforms/esp32/Panel_EPD.cpp.o
Compiling build/firmware/m5atoms3r_cam/lib310/M5GFX/lgfx/v1/platforms/esp32/common.cpp.o
Compiling build/firmware/m5atoms3r_cam/lib310/M5GFX/lgfx/v1/platforms/esp32c3/Bus_Parallel8.cpp.o
Compiling build/firmware/m5atoms3r_cam/lib310/M5GFX/lgfx/v1/platforms/esp32p4/Bus_DSI.cpp.o
Compiling build/firmware/m5atoms3r_cam/lib310/M5GFX/lgfx/v1/platforms/esp32p4/Panel_DSI.cpp.o
Compiling build/firmware/m5atoms3r_cam/lib310/M5GFX/lgfx/v1/platforms/esp32p4/Panel_LT8912B.cpp.o
Compiling build/firmware/m5atoms3r_cam/lib310/M5GFX/lgfx/v1/platforms/esp32p4/Touch_ST7123.cpp.o
Compiling build/firmware/m5atoms3r_cam/lib310/M5GFX/lgfx/v1/platforms/esp32s2/Bus_Parallel16.cpp.o
Compiling build/firmware/m5atoms3r_cam/lib310/M5GFX/lgfx/v1/platforms/esp32s2/Bus_Parallel8.cpp.o
Compiling build/firmware/m5atoms3r_cam/lib310/M5GFX/lgfx/v1/platforms/esp32s3/Bus_Parallel16.cpp.o
Compiling build/firmware/m5atoms3r_cam/lib310/M5GFX/lgfx/v1/platforms/esp32s3/Bus_Parallel8.cpp.o
Compiling build/firmware/m5atoms3r_cam/lib310/M5GFX/lgfx/v1/platforms/framebuffer/Panel_fb.cpp.o
Compiling build/firmware/m5atoms3r_cam/lib310/M5GFX/lgfx/v1/platforms/framebuffer/common.cpp.o
Compiling build/firmware/m5atoms3r_cam/lib310/M5GFX/lgfx/v1/platforms/sdl/Panel_sdl.cpp.o
Compiling build/firmware/m5atoms3r_cam/lib310/M5GFX/lgfx/v1/platforms/sdl/common.cpp.o
Compiling build/firmware/m5atoms3r_cam/lib310/M5GFX/lgfx/v1/touch/Touch_CHSC6540.cpp.o
Compiling build/firmware/m5atoms3r_cam/lib310/M5GFX/lgfx/v1/touch/Touch_CSTxxx.cpp.o
Compiling build/firmware/m5atoms3r_cam/lib310/M5GFX/lgfx/v1/touch/Touch_FT5x06.cpp.o
Compiling build/firmware/m5atoms3r_cam/lib310/M5GFX/lgfx/v1/touch/Touch_GT911.cpp.o
Compiling build/firmware/m5atoms3r_cam/lib1e2/M5Unified/M5Unified.cpp.o
Compiling build/firmware/m5atoms3r_cam/lib1e2/M5Unified/utility/AXP192_Class.cpp.o
Compiling build/firmware/m5atoms3r_cam/lib1e2/M5Unified/utility/AXP2101_Class.cpp.o
Compiling build/firmware/m5atoms3r_cam/lib1e2/M5Unified/utility/Button_Class.cpp.o
Compiling build/firmware/m5atoms3r_cam/lib1e2/M5Unified/utility/I2C_Class.cpp.o
Compiling build/firmware/m5atoms3r_cam/lib1e2/M5Unified/utility/IMU_Class.cpp.o
Compiling build/firmware/m5atoms3r_cam/lib1e2/M5Unified/utility/INA3221_Class.cpp.o
Compiling build/firmware/m5atoms3r_cam/lib1e2/M5Unified/utility/IP5306_Class.cpp.o
Compiling build/firmware/m5atoms3r_cam/lib1e2/M5Unified/utility/Log_Class.cpp.o
Compiling build/firmware/m5atoms3r_cam/lib1e2/M5Unified/utility/M5Timer.cpp.o
Compiling build/firmware/m5atoms3r_cam/lib1e2/M5Unified/utility/Mic_Class.cpp.o
Archiving build/firmware/m5atoms3r_cam/lib310/libM5GFX.a
Compiling build/firmware/m5atoms3r_cam/lib1e2/M5Unified/utility/PI4IOE5V6408_Class.cpp.o
Indexing build/firmware/m5atoms3r_cam/lib310/libM5GFX.a
Compiling build/firmware/m5atoms3r_cam/lib1e2/M5Unified/utility/Power_Class.cpp.o
Compiling build/firmware/m5atoms3r_cam/lib1e2/M5Unified/utility/RTC8563_Class.cpp.o
Compiling build/firmware/m5atoms3r_cam/lib1e2/M5Unified/utility/Speaker_Class.cpp.o
Compiling build/firmware/m5atoms3r_cam/lib1e2/M5Unified/utility/Touch_Class.cpp.o
Compiling build/firmware/m5atoms3r_cam/lib1e2/M5Unified/utility/imu/AK8963_Class.cpp.o
Compiling build/firmware/m5atoms3r_cam/lib1e2/M5Unified/utility/imu/BMI270_Class.cpp.o
Compiling build/firmware/m5atoms3r_cam/lib1e2/M5Unified/utility/imu/BMM150_Class.cpp.o
Compiling build/firmware/m5atoms3r_cam/lib1e2/M5Unified/utility/imu/IMU_Base.cpp.o
Compiling build/firmware/m5atoms3r_cam/lib1e2/M5Unified/utility/imu/MPU6886_Class.cpp.o
Compiling build/firmware/m5atoms3r_cam/lib1e2/M5Unified/utility/imu/SH200Q_Class.cpp.o
Compiling build/firmware/m5atoms3r_cam/FrameworkArduino/Esp.cpp.o
Compiling build/firmware/m5atoms3r_cam/FrameworkArduino/FirmwareMSC.cpp.o
Compiling build/firmware/m5atoms3r_cam/FrameworkArduino/FunctionalInterrupt.cpp.o
Compiling build/firmware/m5atoms3r_cam/FrameworkArduino/HWCDC.cpp.o
Compiling build/firmware/m5atoms3r_cam/FrameworkArduino/HardwareSerial.cpp.o
Compiling build/firmware/m5atoms3r_cam/FrameworkArduino/IPAddress.cpp.o
Compiling build/firmware/m5atoms3r_cam/FrameworkArduino/IPv6Address.cpp.o
Compiling build/firmware/m5atoms3r_cam/FrameworkArduino/MD5Builder.cpp.o
Compiling build/firmware/m5atoms3r_cam/FrameworkArduino/Print.cpp.o
Archiving build/firmware/m5atoms3r_cam/lib1e2/libM5Unified.a
Indexing build/firmware/m5atoms3r_cam/lib1e2/libM5Unified.a
Compiling build/firmware/m5atoms3r_cam/FrameworkArduino/Stream.cpp.o
Compiling build/firmware/m5atoms3r_cam/FrameworkArduino/StreamString.cpp.o
Compiling build/firmware/m5atoms3r_cam/FrameworkArduino/Tone.cpp.o
Compiling build/firmware/m5atoms3r_cam/FrameworkArduino/USB.cpp.o
Compiling build/firmware/m5atoms3r_cam/FrameworkArduino/USBCDC.cpp.o
Compiling build/firmware/m5atoms3r_cam/FrameworkArduino/USBMSC.cpp.o
Compiling build/firmware/m5atoms3r_cam/FrameworkArduino/WMath.cpp.o
Compiling build/firmware/m5atoms3r_cam/FrameworkArduino/WString.cpp.o
Compiling build/firmware/m5atoms3r_cam/FrameworkArduino/base64.cpp.o
Compiling build/firmware/m5atoms3r_cam/FrameworkArduino/cbuf.cpp.o
Compiling build/firmware/m5atoms3r_cam/FrameworkArduino/esp32-hal-adc.c.o
Compiling build/firmware/m5atoms3r_cam/FrameworkArduino/esp32-hal-bt.c.o
Compiling build/firmware/m5atoms3r_cam/FrameworkArduino/esp32-hal-cpu.c.o
Compiling build/firmware/m5atoms3r_cam/FrameworkArduino/esp32-hal-dac.c.o
Compiling build/firmware/m5atoms3r_cam/FrameworkArduino/esp32-hal-gpio.c.o
Compiling build/firmware/m5atoms3r_cam/FrameworkArduino/esp32-hal-i2c-slave.c.o
Compiling build/firmware/m5atoms3r_cam/FrameworkArduino/esp32-hal-i2c.c.o
Compiling build/firmware/m5atoms3r_cam/FrameworkArduino/esp32-hal-ledc.c.o
Compiling build/firmware/m5atoms3r_cam/FrameworkArduino/esp32-hal-matrix.c.o
Compiling build/firmware/m5atoms3r_cam/FrameworkArduino/esp32-hal-misc.c.o
Compiling build/firmware/m5atoms3r_cam/FrameworkArduino/esp32-hal-psram.c.o
Compiling build/firmware/m5atoms3r_cam/FrameworkArduino/esp32-hal-rgb-led.c.o
Compiling build/firmware/m5atoms3r_cam/FrameworkArduino/esp32-hal-rmt.c.o
Compiling build/firmware/m5atoms3r_cam/FrameworkArduino/esp32-hal-sigmadelta.c.o
Compiling build/firmware/m5atoms3r_cam/FrameworkArduino/esp32-hal-spi.c.o
Compiling build/firmware/m5atoms3r_cam/FrameworkArduino/esp32-hal-time.c.o
Compiling build/firmware/m5atoms3r_cam/FrameworkArduino/esp32-hal-timer.c.o
Compiling build/firmware/m5atoms3r_cam/FrameworkArduino/esp32-hal-tinyusb.c.o
Compiling build/firmware/m5atoms3r_cam/FrameworkArduino/esp32-hal-touch.c.o
Compiling build/firmware/m5atoms3r_cam/FrameworkArduino/esp32-hal-uart.c.o
Compiling build/firmware/m5atoms3r_cam/FrameworkArduino/firmware_msc_fat.c.o
Compiling build/firmware/m5atoms3r_cam/FrameworkArduino/libb64/cdecode.c.o
Compiling build/firmware/m5atoms3r_cam/FrameworkArduino/libb64/cencode.c.o
Compiling build/firmware/m5atoms3r_cam/FrameworkArduino/main.cpp.o
Compiling build/firmware/m5atoms3r_cam/FrameworkArduino/stdlib_noniso.c.o
Compiling build/firmware/m5atoms3r_cam/FrameworkArduino/wiring_pulse.c.o
build/pio-core/packages/framework-arduinoespressif32/cores/esp32/esp32-hal-uart.c: In function 'uartSetPins':
build/pio-core/packages/framework-arduinoespressif32/cores/esp32/esp32-hal-uart.c:153:9: warning: 'return' with no value, in function returning non-void
         return;
         ^~~~~~
build/pio-core/packages/framework-arduinoespressif32/cores/esp32/esp32-hal-uart.c:149:6: note: declared here
 bool uartSetPins(uint8_t uart_num, int8_t rxPin, int8_t txPin, int8_t ctsPin, int8_t rtsPin)
      ^~~~~~~~~~~
Compiling build/firmware/m5atoms3r_cam/FrameworkArduino/wiring_shift.c.o
Archiving build/firmware/m5atoms3r_cam/libFrameworkArduino.a
Indexing build/firmware/m5atoms3r_cam/libFrameworkArduino.a
Linking build/firmware/m5atoms3r_cam/firmware.elf
Retrieving maximum program size build/firmware/m5atoms3r_cam/firmware.elf
Checking size build/firmware/m5atoms3r_cam/firmware.elf
Advanced Memory Usage is available via "PlatformIO Home > Project Inspect"
RAM:   [=         ]   6.9% (used 22652 bytes from 327680 bytes)
Flash: [=         ]  14.5% (used 485905 bytes from 3342336 bytes)
Building build/firmware/m5atoms3r_cam/firmware.bin
esptool.py v4.5.1
Creating esp32s3 image...
Merged 2 ELF sections
Successfully created esp32s3 image.
========================= [SUCCESS] Took 11.24 seconds =========================

Processing esp32dev (board: esp32dev; platform: espressif32@6.5.0; framework: arduino)
--------------------------------------------------------------------------------
Verbose mode can be enabled via `-v, --verbose` option
generated include/generated_config.h
CONFIGURATION: https://docs.platformio.org/page/boards/espressif32/esp32dev.html
PLATFORM: Espressif 32 (6.5.0) > Espressif ESP32 Dev Module
HARDWARE: ESP32 240MHz, 320KB RAM, 4MB Flash
DEBUG: Current (cmsis-dap) External (cmsis-dap, esp-bridge, esp-prog, iot-bus-jtag, jlink, minimodule, olimex-arm-usb-ocd, olimex-arm-usb-ocd-h, olimex-arm-usb-tiny-h, olimex-jtag-tiny, tumpa)
PACKAGES:
 - framework-arduinoespressif32 @ 3.20014.231204 (2.0.14)
 - tool-esptoolpy @ 1.40501.0 (4.5.1)
 - toolchain-xtensa-esp32 @ 8.4.0+2021r2-patch5
LDF: Library Dependency Finder -> https://bit.ly/configure-pio-ldf
LDF Modes: Finder ~ chain, Compatibility ~ soft
Found 36 compatible libraries
Scanning dependencies...
Dependency Graph
|-- Adafruit PN532 @ 1.3.4
|-- Adafruit BusIO @ 1.17.0
|-- SPI @ 2.0.0
Building in release mode
Compiling build/firmware/esp32dev/src/main.cpp.o
Retrieving maximum program size build/firmware/esp32dev/firmware.elf
Checking size build/firmware/esp32dev/firmware.elf
Advanced Memory Usage is available via "PlatformIO Home > Project Inspect"
RAM:   [=         ]   6.8% (used 22160 bytes from 327680 bytes)
Flash: [==        ]  23.0% (used 301237 bytes from 1310720 bytes)
========================= [SUCCESS] Took 1.35 seconds =========================

Processing m5atoms3r_cam_u059 (board: esp32-s3-devkitc-1; platform: espressif32@6.5.0; framework: arduino)
--------------------------------------------------------------------------------
Verbose mode can be enabled via `-v, --verbose` option
generated include/generated_config.h
CONFIGURATION: https://docs.platformio.org/page/boards/espressif32/esp32-s3-devkitc-1.html
PLATFORM: Espressif 32 (6.5.0) > Espressif ESP32-S3-DevKitC-1-N8 (8 MB QD, No PSRAM)
HARDWARE: ESP32S3 240MHz, 320KB RAM, 8MB Flash
DEBUG: Current (esp-builtin) On-board (esp-builtin) External (cmsis-dap, esp-bridge, esp-prog, iot-bus-jtag, jlink, minimodule, olimex-arm-usb-ocd, olimex-arm-usb-ocd-h, olimex-arm-usb-tiny-h, olimex-jtag-tiny, tumpa)
PACKAGES:
 - framework-arduinoespressif32 @ 3.20014.231204 (2.0.14)
 - tool-esptoolpy @ 1.40501.0 (4.5.1)
 - toolchain-riscv32-esp @ 8.4.0+2021r2-patch5
 - toolchain-xtensa-esp32s3 @ 8.4.0+2021r2-patch5
LDF: Library Dependency Finder -> https://bit.ly/configure-pio-ldf
LDF Modes: Finder ~ chain, Compatibility ~ soft
Found 35 compatible libraries
Scanning dependencies...
Dependency Graph
|-- M5GFX @ 0.2.29
|-- M5Unified @ 0.2.7
|-- SPI @ 2.0.0
Building in release mode
Compiling build/firmware/m5atoms3r_cam_u059/src/main.cpp.o
Archiving build/firmware/m5atoms3r_cam_u059/lib877/libSPI.a
Indexing build/firmware/m5atoms3r_cam_u059/lib877/libSPI.a
Archiving build/firmware/m5atoms3r_cam_u059/lib83e/libWire.a
Indexing build/firmware/m5atoms3r_cam_u059/lib83e/libWire.a
Compiling build/firmware/m5atoms3r_cam_u059/lib649/M5GFX/lgfx/Fonts/IPA/lgfx_font_japan.c.o
Compiling build/firmware/m5atoms3r_cam_u059/lib649/M5GFX/lgfx/Fonts/efont/lgfx_efont_cn.c.o
Compiling build/firmware/m5atoms3r_cam_u059/lib649/M5GFX/lgfx/Fonts/efont/lgfx_efont_ja.c.o
Compiling build/firmware/m5atoms3r_cam_u059/lib649/M5GFX/lgfx/Fonts/efont/lgfx_efont_kr.c.o
Compiling build/firmware/m5atoms3r_cam_u059/lib649/M5GFX/lgfx/Fonts/efont/lgfx_efont_tw.c.o
Compiling build/firmware/m5atoms3r_cam_u059/lib649/M5GFX/lgfx/utility/lgfx_miniz.c.o
Compiling build/firmware/m5atoms3r_cam_u059/lib649/M5GFX/lgfx/utility/lgfx_pngle.c.o
Compiling build/firmware/m5atoms3r_cam_u059/lib649/M5GFX/lgfx/utility/lgfx_qoi.c.o
Compiling build/firmware/m5atoms3r_cam_u059/lib649/M5GFX/lgfx/utility/lgfx_qrcode.c.o
Compiling build/firmware/m5atoms3r_cam_u059/lib649/M5GFX/lgfx/utility/lgfx_tjpgd.c.o
Compiling build/firmware/m5atoms3r_cam_u059/lib649/M5GFX/lgfx/v1/LGFXBase.cpp.o
Compiling build/firmware/m5atoms3r_cam_u059/lib649/M5GFX/lgfx/v1/LGFX_Button.cpp.o
Compiling build/firmware/m5atoms3r_cam_u059/lib649/M5GFX/lgfx/v1/LGFX_Sprite.cpp.o
Compiling build/firmware/m5atoms3r_cam_u059/lib649/M5GFX/lgfx/v1/lgfx_fonts.cpp.o
Compiling build/firmware/m5atoms3r_cam_u059/lib649/M5GFX/lgfx/v1/misc/DividedFrameBuffer.cpp.o
Compiling build/firmware/m5atoms3r_cam_u059/lib649/M5GFX/lgfx/v1/misc/SpriteBuffer.cpp.o
Compiling build/firmware/m5atoms3r_cam_u059/lib649/M5GFX/lgfx/v1/misc/common_function.cpp.o
Compiling build/firmware/m5atoms3r_cam_u059/lib649/M5GFX/lgfx/v1/misc/pixelcopy.cpp.o
Compiling build/firmware/m5atoms3r_cam_u059/lib649/M5GFX/lgfx/v1/panel/Panel_AMOLED.cpp.o
Compiling build/firmware/m5atoms3r_cam_u059/lib649/M5GFX/lgfx/v1/panel/Panel_Device.cpp.o
Compiling build/firmware/m5atoms3r_cam_u059/lib649/M5GFX/lgfx/v1/panel/Panel_ED2208.cpp.o
Compiling build/firmware/m5atoms3r_cam_u059/lib649/M5GFX/lgfx/v1/panel/Panel_EPDiy.cpp.o
Compiling build/firmware/m5atoms3r_cam_u059/lib649/M5GFX/lgfx/v1/panel/Panel_FrameBufferBase.cpp.o
Compiling build/firmware/m5atoms3r_cam_u059/lib649/M5GFX/lgfx/v1/panel/Panel_GDEW0154D67.cpp.o
Compiling build/firmware/m5atoms3r_cam_u059/lib649/M5GFX/lgfx/v1/panel/Panel_GDEW0154M09.cpp.o
Compiling build/firmware/m5atoms3r_cam_u059/lib649/M5GFX/lgfx/v1/panel/Panel_HasBuffer.cpp.o
Compiling build/firmware/m5atoms3r_cam_u059/lib649/M5GFX/lgfx/v1/panel/Panel_IT8951.cpp.o
Compiling build/firmware/m5atoms3r_cam_u059/lib649/M5GFX/lgfx/v1/panel/Panel_LCD.cpp.o
Compiling build/firmware/m5atoms3r_cam_u059/lib649/M5GFX/lgfx/v1/panel/Panel_M5HDMI.cpp.o
Compiling build/firmware/m5atoms3r_cam_u059/lib649/M5GFX/lgfx/v1/panel/Panel_M5UnitGLASS.cpp.o
Compiling build/firmware/m5atoms3r_cam_u059/lib649/M5GFX/lgfx/v1/panel/Panel_M5UnitLCD.cpp.o
Compiling build/firmware/m5atoms3r_cam_u059/lib649/M5GFX/lgfx/v1/panel/Panel_SSD1306.cpp.o
Compiling build/firmware/m5atoms3r_cam_u059/lib649/M5GFX/lgfx/v1/panel/Panel_SSD1677.cpp.o
Compiling build/firmware/m5atoms3r_cam_u059/lib649/M5GFX/lgfx/v1/panel/Panel_TM1680.cpp.o
Compiling build/firmware/m5atoms3r_cam_u059/lib649/M5GFX/lgfx/v1/platforms/esp32/Bus_EPD.cpp.o
Compiling build/firmware/m5atoms3r_cam_u059/lib649/M5GFX/lgfx/v1/platforms/esp32/Bus_I2C.cpp.o
Compiling build/firmware/m5atoms3r_cam_u059/lib649/M5GFX/lgfx/v1/platforms/esp32/Bus_Parallel8.cpp.o
Compiling build/firmware/m5atoms3r_cam_u059/lib649/M5GFX/lgfx/v1/platforms/esp32/Bus_SPI.cpp.o
Compiling build/firmware/m5atoms3r_cam_u059/lib649/M5GFX/lgfx/v1/platforms/esp32/Light_PWM.cpp.o
Compiling build/firmware/m5atoms3r_cam_u059/lib649/M5GFX/lgfx/v1/platforms/esp32/Panel_CVBS.cpp.o
Compiling build/firmware/m5atoms3r_cam_u059/lib649/M5GFX/lgfx/v1/platforms/esp32/Panel_EPD.cpp.o
Compiling build/firmware/m5atoms3r_cam_u059/lib649/M5GFX/lgfx/v1/platforms/esp32/common.cpp.o
Compiling build/firmware/m5atoms3r_cam_u059/lib649/M5GFX/lgfx/v1/platforms/esp32c3/Bus_Parallel8.cpp.o
Compiling build/firmware/m5atoms3r_cam_u059/lib649/M5GFX/lgfx/v1/platforms/esp32p4/Bus_DSI.cpp.o
Compiling build/firmware/m5atoms3r_cam_u059/lib649/M5GFX/lgfx/v1/platforms/esp32p4/Panel_DSI.cpp.o
Compiling build/firmware/m5atoms3r_cam_u059/lib649/M5GFX/lgfx/v1/platforms/esp32p4/Panel_LT8912B.cpp.o
Compiling build/firmware/m5atoms3r_cam_u059/lib649/M5GFX/lgfx/v1/platforms/esp32p4/Touch_ST7123.cpp.o
Compiling build/firmware/m5atoms3r_cam_u059/lib649/M5GFX/lgfx/v1/platforms/esp32s2/Bus_Parallel16.cpp.o
Compiling build/firmware/m5atoms3r_cam_u059/lib649/M5GFX/lgfx/v1/platforms/esp32s2/Bus_Parallel8.cpp.o
Compiling build/firmware/m5atoms3r_cam_u059/lib649/M5GFX/lgfx/v1/platforms/esp32s3/Bus_Parallel16.cpp.o
Compiling build/firmware/m5atoms3r_cam_u059/lib649/M5GFX/lgfx/v1/platforms/esp32s3/Bus_Parallel8.cpp.o
Compiling build/firmware/m5atoms3r_cam_u059/lib649/M5GFX/lgfx/v1/platforms/framebuffer/Panel_fb.cpp.o
Compiling build/firmware/m5atoms3r_cam_u059/lib649/M5GFX/lgfx/v1/platforms/framebuffer/common.cpp.o
Compiling build/firmware/m5atoms3r_cam_u059/lib649/M5GFX/lgfx/v1/platforms/sdl/Panel_sdl.cpp.o
Compiling build/firmware/m5atoms3r_cam_u059/lib649/M5GFX/lgfx/v1/platforms/sdl/common.cpp.o
Compiling build/firmware/m5atoms3r_cam_u059/lib649/M5GFX/lgfx/v1/touch/Touch_CHSC6540.cpp.o
Compiling build/firmware/m5atoms3r_cam_u059/lib649/M5GFX/lgfx/v1/touch/Touch_CSTxxx.cpp.o
Compiling build/firmware/m5atoms3r_cam_u059/lib649/M5GFX/lgfx/v1/touch/Touch_FT5x06.cpp.o
Compiling build/firmware/m5atoms3r_cam_u059/lib649/M5GFX/lgfx/v1/touch/Touch_GT911.cpp.o
Compiling build/firmware/m5atoms3r_cam_u059/libcc5/M5Unified/M5Unified.cpp.o
Compiling build/firmware/m5atoms3r_cam_u059/libcc5/M5Unified/utility/AXP192_Class.cpp.o
Compiling build/firmware/m5atoms3r_cam_u059/libcc5/M5Unified/utility/AXP2101_Class.cpp.o
Compiling build/firmware/m5atoms3r_cam_u059/libcc5/M5Unified/utility/Button_Class.cpp.o
Compiling build/firmware/m5atoms3r_cam_u059/libcc5/M5Unified/utility/I2C_Class.cpp.o
Compiling build/firmware/m5atoms3r_cam_u059/libcc5/M5Unified/utility/IMU_Class.cpp.o
Compiling build/firmware/m5atoms3r_cam_u059/libcc5/M5Unified/utility/INA3221_Class.cpp.o
Compiling build/firmware/m5atoms3r_cam_u059/libcc5/M5Unified/utility/IP5306_Class.cpp.o
Compiling build/firmware/m5atoms3r_cam_u059/libcc5/M5Unified/utility/Log_Class.cpp.o
Compiling build/firmware/m5atoms3r_cam_u059/libcc5/M5Unified/utility/M5Timer.cpp.o
Archiving build/firmware/m5atoms3r_cam_u059/lib649/libM5GFX.a
Compiling build/firmware/m5atoms3r_cam_u059/libcc5/M5Unified/utility/Mic_Class.cpp.o
Compiling build/firmware/m5atoms3r_cam_u059/libcc5/M5Unified/utility/PI4IOE5V6408_Class.cpp.o
Indexing build/firmware/m5atoms3r_cam_u059/lib649/libM5GFX.a
Compiling build/firmware/m5atoms3r_cam_u059/libcc5/M5Unified/utility/Power_Class.cpp.o
Compiling build/firmware/m5atoms3r_cam_u059/libcc5/M5Unified/utility/RTC8563_Class.cpp.o
Compiling build/firmware/m5atoms3r_cam_u059/libcc5/M5Unified/utility/Speaker_Class.cpp.o
Compiling build/firmware/m5atoms3r_cam_u059/libcc5/M5Unified/utility/Touch_Class.cpp.o
Compiling build/firmware/m5atoms3r_cam_u059/libcc5/M5Unified/utility/imu/AK8963_Class.cpp.o
Compiling build/firmware/m5atoms3r_cam_u059/libcc5/M5Unified/utility/imu/BMI270_Class.cpp.o
Compiling build/firmware/m5atoms3r_cam_u059/libcc5/M5Unified/utility/imu/BMM150_Class.cpp.o
Compiling build/firmware/m5atoms3r_cam_u059/libcc5/M5Unified/utility/imu/IMU_Base.cpp.o
Compiling build/firmware/m5atoms3r_cam_u059/libcc5/M5Unified/utility/imu/MPU6886_Class.cpp.o
Compiling build/firmware/m5atoms3r_cam_u059/libcc5/M5Unified/utility/imu/SH200Q_Class.cpp.o
Compiling build/firmware/m5atoms3r_cam_u059/FrameworkArduino/Esp.cpp.o
Compiling build/firmware/m5atoms3r_cam_u059/FrameworkArduino/FirmwareMSC.cpp.o
Compiling build/firmware/m5atoms3r_cam_u059/FrameworkArduino/FunctionalInterrupt.cpp.o
Compiling build/firmware/m5atoms3r_cam_u059/FrameworkArduino/HWCDC.cpp.o
Compiling build/firmware/m5atoms3r_cam_u059/FrameworkArduino/HardwareSerial.cpp.o
Compiling build/firmware/m5atoms3r_cam_u059/FrameworkArduino/IPAddress.cpp.o
Compiling build/firmware/m5atoms3r_cam_u059/FrameworkArduino/IPv6Address.cpp.o
Compiling build/firmware/m5atoms3r_cam_u059/FrameworkArduino/MD5Builder.cpp.o
Compiling build/firmware/m5atoms3r_cam_u059/FrameworkArduino/Print.cpp.o
Archiving build/firmware/m5atoms3r_cam_u059/libcc5/libM5Unified.a
Compiling build/firmware/m5atoms3r_cam_u059/FrameworkArduino/Stream.cpp.o
Indexing build/firmware/m5atoms3r_cam_u059/libcc5/libM5Unified.a
Compiling build/firmware/m5atoms3r_cam_u059/FrameworkArduino/StreamString.cpp.o
Compiling build/firmware/m5atoms3r_cam_u059/FrameworkArduino/Tone.cpp.o
Compiling build/firmware/m5atoms3r_cam_u059/FrameworkArduino/USB.cpp.o
Compiling build/firmware/m5atoms3r_cam_u059/FrameworkArduino/USBCDC.cpp.o
Compiling build/firmware/m5atoms3r_cam_u059/FrameworkArduino/USBMSC.cpp.o
Compiling build/firmware/m5atoms3r_cam_u059/FrameworkArduino/WMath.cpp.o
Compiling build/firmware/m5atoms3r_cam_u059/FrameworkArduino/WString.cpp.o
Compiling build/firmware/m5atoms3r_cam_u059/FrameworkArduino/base64.cpp.o
Compiling build/firmware/m5atoms3r_cam_u059/FrameworkArduino/cbuf.cpp.o
Compiling build/firmware/m5atoms3r_cam_u059/FrameworkArduino/esp32-hal-adc.c.o
Compiling build/firmware/m5atoms3r_cam_u059/FrameworkArduino/esp32-hal-bt.c.o
Compiling build/firmware/m5atoms3r_cam_u059/FrameworkArduino/esp32-hal-cpu.c.o
Compiling build/firmware/m5atoms3r_cam_u059/FrameworkArduino/esp32-hal-dac.c.o
Compiling build/firmware/m5atoms3r_cam_u059/FrameworkArduino/esp32-hal-gpio.c.o
Compiling build/firmware/m5atoms3r_cam_u059/FrameworkArduino/esp32-hal-i2c-slave.c.o
Compiling build/firmware/m5atoms3r_cam_u059/FrameworkArduino/esp32-hal-i2c.c.o
Compiling build/firmware/m5atoms3r_cam_u059/FrameworkArduino/esp32-hal-ledc.c.o
Compiling build/firmware/m5atoms3r_cam_u059/FrameworkArduino/esp32-hal-matrix.c.o
Compiling build/firmware/m5atoms3r_cam_u059/FrameworkArduino/esp32-hal-misc.c.o
Compiling build/firmware/m5atoms3r_cam_u059/FrameworkArduino/esp32-hal-psram.c.o
Compiling build/firmware/m5atoms3r_cam_u059/FrameworkArduino/esp32-hal-rgb-led.c.o
Compiling build/firmware/m5atoms3r_cam_u059/FrameworkArduino/esp32-hal-rmt.c.o
Compiling build/firmware/m5atoms3r_cam_u059/FrameworkArduino/esp32-hal-sigmadelta.c.o
Compiling build/firmware/m5atoms3r_cam_u059/FrameworkArduino/esp32-hal-spi.c.o
Compiling build/firmware/m5atoms3r_cam_u059/FrameworkArduino/esp32-hal-time.c.o
Compiling build/firmware/m5atoms3r_cam_u059/FrameworkArduino/esp32-hal-timer.c.o
Compiling build/firmware/m5atoms3r_cam_u059/FrameworkArduino/esp32-hal-tinyusb.c.o
Compiling build/firmware/m5atoms3r_cam_u059/FrameworkArduino/esp32-hal-touch.c.o
Compiling build/firmware/m5atoms3r_cam_u059/FrameworkArduino/esp32-hal-uart.c.o
Compiling build/firmware/m5atoms3r_cam_u059/FrameworkArduino/firmware_msc_fat.c.o
Compiling build/firmware/m5atoms3r_cam_u059/FrameworkArduino/libb64/cdecode.c.o
Compiling build/firmware/m5atoms3r_cam_u059/FrameworkArduino/libb64/cencode.c.o
Compiling build/firmware/m5atoms3r_cam_u059/FrameworkArduino/main.cpp.o
Compiling build/firmware/m5atoms3r_cam_u059/FrameworkArduino/stdlib_noniso.c.o
Compiling build/firmware/m5atoms3r_cam_u059/FrameworkArduino/wiring_pulse.c.o
build/pio-core/packages/framework-arduinoespressif32/cores/esp32/esp32-hal-uart.c: In function 'uartSetPins':
build/pio-core/packages/framework-arduinoespressif32/cores/esp32/esp32-hal-uart.c:153:9: warning: 'return' with no value, in function returning non-void
         return;
         ^~~~~~
build/pio-core/packages/framework-arduinoespressif32/cores/esp32/esp32-hal-uart.c:149:6: note: declared here
 bool uartSetPins(uint8_t uart_num, int8_t rxPin, int8_t txPin, int8_t ctsPin, int8_t rtsPin)
      ^~~~~~~~~~~
Compiling build/firmware/m5atoms3r_cam_u059/FrameworkArduino/wiring_shift.c.o
Archiving build/firmware/m5atoms3r_cam_u059/libFrameworkArduino.a
Indexing build/firmware/m5atoms3r_cam_u059/libFrameworkArduino.a
Linking build/firmware/m5atoms3r_cam_u059/firmware.elf
Retrieving maximum program size build/firmware/m5atoms3r_cam_u059/firmware.elf
Checking size build/firmware/m5atoms3r_cam_u059/firmware.elf
Advanced Memory Usage is available via "PlatformIO Home > Project Inspect"
RAM:   [=         ]   6.9% (used 22652 bytes from 327680 bytes)
Flash: [=         ]  14.5% (used 485913 bytes from 3342336 bytes)
Building build/firmware/m5atoms3r_cam_u059/firmware.bin
esptool.py v4.5.1
Creating esp32s3 image...
Merged 2 ELF sections
Successfully created esp32s3 image.
========================= [SUCCESS] Took 10.35 seconds =========================

Environment         Status    Duration
------------------  --------  ------------
m5atoms3r_cam       SUCCESS   00:00:11.237
esp32dev            SUCCESS   00:00:01.346
m5atoms3r_cam_u059  SUCCESS   00:00:10.346
========================= 3 succeeded in 00:00:22.929 =========================
